Prescanning classes, please wait.
![warning]  no project name covers '/home/thoni/Utveckling/c-xrefactory/tests/pragma_once/include1.h'
java version == 1.3
'/home/thoni/Utveckling/c-xrefactory/tests/pragma_once/include1.h'
'/home/thoni/Utveckling/c-xrefactory/tests/pragma_once/include2.h'
Generating '/home/thoni/Utveckling/c-xrefactory/tests/pragma_once/Xrefs'
